// Jest Snapshot v1, https://goo.gl/fbAQLP

exports[`splitting requests and merging results of two simple schemas 1`] = `
"query SomeQuery {
  this(hasAnArgument: 5) {
    id
    a
  }
  thing
}
"
`;

exports[`splitting requests and merging results of two simple schemas 2`] = `
"query SomeQuery {
  this(hasADifferentArgument: \\"foo\\") {
    id
    is
  }
  random
}
"
`;

exports[`splitting requests and merging results of two simple schemas 3`] = `
Object {
  "random": "stuff",
  "thing": 32,
  "this": Array [
    Object {
      "a": 2,
      "id": "foo",
      "is": "two",
    },
    Object {
      "a": 3,
      "id": "bar",
      "is": "three",
    },
  ],
}
`;
